0|0|0.02
0|2|0.03
1|1|0.02
1|3|0.12
2|1|0.2
3|0|0.1
3|2|0.15